// Jest Snapshot v1, https://goo.gl/fbAQLP

exports[`should render screen with success 1`] = `
<View
  style={
    [
      {
        "backgroundColor": "#EFEFEF",
        "flexBasis": 0,
        "flexGrow": 1,
        "flexShrink": 1,
      },
    ]
  }
>
  <View
    style={
      [
        {
          "borderBottomLeftRadius": 30,
          "borderBottomRightRadius": 30,
          "flexBasis": 0,
          "flexGrow": 2,
          "flexShrink": 1,
        },
      ]
    }
  >
    <View
      accessibilityIgnoresInvertColors={true}
      style={
        [
          {
            "flexBasis": 0,
            "flexGrow": 1,
            "flexShrink": 1,
          },
        ]
      }
    >
      <Image
        accessibilityLabel="inicial screen banner"
        resizeMode="cover"
        source={
          {
            "testUri": "../../../src/assets/images/initialBackground.jpeg",
          }
        }
        style={
          [
            {
              "bottom": 0,
              "left": 0,
              "position": "absolute",
              "right": 0,
              "top": 0,
            },
            {
              "height": undefined,
              "width": undefined,
            },
            undefined,
          ]
        }
      />
    </View>
  </View>
  <RNCSafeAreaView
    edges={
      [
        "bottom",
      ]
    }
    style={
      [
        {
          "flexBasis": 0,
          "flexGrow": 1,
          "flexShrink": 1,
          "paddingBottom": 20,
        },
      ]
    }
  >
    <RCTScrollView
      bounces={false}
      showsVerticalScrollIndicator={false}
    >
      <View>
        <View
          style={
            [
              {
                "alignItems": "center",
                "justifyContent": "flex-start",
              },
            ]
          }
        >
          <Text
            color="black"
            size="huge"
            style={
              [
                {
                  "color": "#000000",
                  "fontFamily": "PlayfairDisplay-Regular",
                  "fontSize": 63,
                  "fontWeight": "600",
                },
                {},
              ]
            }
          >
            Beyond The
          </Text>
          <View
            style={
              [
                {
                  "marginTop": "-2%",
                  "paddingLeft": 176,
                },
              ]
            }
          >
            <Text
              color="black"
              size="huge"
              style={
                [
                  {
                    "color": "#000000",
                    "fontFamily": "PlayfairDisplay-Regular",
                    "fontSize": 63,
                    "fontWeight": "600",
                  },
                  {},
                ]
              }
            >
              Journey
            </Text>
          </View>
          <View
            style={
              [
                {
                  "flexDirection": "row",
                },
                {
                  "marginTop": 32,
                },
              ]
            }
          >
            <View
              style={
                [
                  {
                    "backgroundColor": "#000000",
                    "borderRadius": 10,
                    "height": 8,
                    "width": 20,
                  },
                ]
              }
            />
            <View
              style={
                [
                  {
                    "backgroundColor": "#545454",
                    "borderRadius": 10,
                    "height": 8,
                    "marginLeft": 2,
                    "width": 8,
                  },
                ]
              }
            />
            <View
              style={
                [
                  {
                    "backgroundColor": "#545454",
                    "borderRadius": 10,
                    "height": 8,
                    "marginLeft": 2,
                    "width": 8,
                  },
                ]
              }
            />
            <View
              style={
                [
                  {
                    "backgroundColor": "#545454",
                    "borderRadius": 10,
                    "height": 8,
                    "marginLeft": 2,
                    "width": 8,
                  },
                ]
              }
            />
          </View>
        </View>
      </View>
    </RCTScrollView>
    <View
      style={
        [
          {
            "alignItems": "center",
            "marginTop": 16,
          },
        ]
      }
    >
      <View
        accessibilityLabel="Get Started"
        accessibilityState={
          {
            "busy": undefined,
            "checked": undefined,
            "disabled": undefined,
            "expanded": undefined,
            "selected": undefined,
          }
        }
        accessibilityValue={
          {
            "max": undefined,
            "min": undefined,
            "now": undefined,
            "text": undefined,
          }
        }
        accessible={true}
        collapsable={false}
        focusable={true}
        onClick={[Function]}
        onResponderGrant={[Function]}
        onResponderMove={[Function]}
        onResponderRelease={[Function]}
        onResponderTerminate={[Function]}
        onResponderTerminationRequest={[Function]}
        onStartShouldSetResponder={[Function]}
        style={
          {
            "alignItems": "center",
            "backgroundColor": "#000000",
            "borderRadius": 30,
            "minWidth": 222,
            "opacity": 1,
            "paddingBottom": 8,
            "paddingLeft": 8,
            "paddingRight": 8,
            "paddingTop": 8,
          }
        }
      >
        <Text
          color="white"
          style={
            [
              {
                "color": "#FAFAFA",
                "fontFamily": "Poppins-Regular",
                "fontSize": 31,
              },
            ]
          }
        >
          Get Started
        </Text>
      </View>
    </View>
  </RNCSafeAreaView>
</View>
`;
