// Jest Snapshot v1, https://goo.gl/fbAQLP

exports[`should render screen with success 1`] = `
<View
  style={
    [
      {
        "flexBasis": 0,
        "flexGrow": 1,
        "flexShrink": 1,
      },
    ]
  }
>
  <View
    style={
      [
        {
          "borderBottomLeftRadius": 20,
          "borderBottomRightRadius": 20,
          "flexBasis": 0,
          "flexGrow": 5,
          "flexShrink": 1,
          "overflow": "hidden",
        },
      ]
    }
  >
    <View
      accessibilityIgnoresInvertColors={true}
      style={
        [
          {
            "flexBasis": 0,
            "flexGrow": 1,
            "flexShrink": 1,
          },
        ]
      }
    >
      <Image
        accessibilityLabel="inicial screen banner"
        source={
          {
            "testUri": "../../../src/assets/images/initialBackground.jpeg",
          }
        }
        style={
          [
            {
              "bottom": 0,
              "left": 0,
              "position": "absolute",
              "right": 0,
              "top": 0,
            },
            {
              "height": undefined,
              "width": undefined,
            },
            undefined,
          ]
        }
      />
    </View>
  </View>
  <View
    style={
      [
        {
          "alignItems": "center",
          "flexBasis": 0,
          "flexGrow": 2,
          "flexShrink": 1,
          "justifyContent": "flex-start",
          "marginTop": 28,
        },
      ]
    }
  >
    <Text
      color="black"
      size="huge"
      style={
        [
          {
            "color": "#030517",
            "fontFamily": "PlayfairDisplay-regular",
            "fontSize": 63,
            "fontWeight": "600",
          },
          {},
        ]
      }
    >
      Beyond The
    </Text>
    <View
      style={
        [
          {
            "marginTop": "-2%",
            "paddingLeft": 176,
          },
        ]
      }
    >
      <Text
        color="black"
        size="huge"
        style={
          [
            {
              "color": "#030517",
              "fontFamily": "PlayfairDisplay-regular",
              "fontSize": 63,
              "fontWeight": "600",
            },
            {},
          ]
        }
      >
        Journey
      </Text>
    </View>
    <View
      style={
        [
          {
            "flexDirection": "row",
          },
          {
            "marginTop": 32,
          },
        ]
      }
    >
      <View
        style={
          [
            {
              "backgroundColor": "#030517",
              "borderRadius": 10,
              "height": 8,
              "width": 20,
            },
          ]
        }
      />
      <View
        style={
          [
            {
              "backgroundColor": "#8F8F8F",
              "borderRadius": 10,
              "height": 8,
              "marginLeft": 2,
              "width": 8,
            },
          ]
        }
      />
      <View
        style={
          [
            {
              "backgroundColor": "#8F8F8F",
              "borderRadius": 10,
              "height": 8,
              "marginLeft": 2,
              "width": 8,
            },
          ]
        }
      />
      <View
        style={
          [
            {
              "backgroundColor": "#8F8F8F",
              "borderRadius": 10,
              "height": 8,
              "marginLeft": 2,
              "width": 8,
            },
          ]
        }
      />
    </View>
  </View>
  <View
    style={
      [
        {
          "alignItems": "center",
          "flexBasis": 0,
          "flexGrow": 1,
          "flexShrink": 1,
        },
      ]
    }
  >
    <View
      accessibilityLabel="Get Started"
      accessibilityState={
        {
          "busy": undefined,
          "checked": undefined,
          "disabled": undefined,
          "expanded": undefined,
          "selected": undefined,
        }
      }
      accessibilityValue={
        {
          "max": undefined,
          "min": undefined,
          "now": undefined,
          "text": undefined,
        }
      }
      accessible={true}
      collapsable={false}
      focusable={false}
      onClick={[Function]}
      onResponderGrant={[Function]}
      onResponderMove={[Function]}
      onResponderRelease={[Function]}
      onResponderTerminate={[Function]}
      onResponderTerminationRequest={[Function]}
      onStartShouldSetResponder={[Function]}
      style={
        {
          "alignItems": "center",
          "backgroundColor": "#030517",
          "borderRadius": 20,
          "height": 44,
          "justifyContent": "center",
          "opacity": 1,
          "width": 222,
        }
      }
    >
      <Text
        color="white"
        style={
          [
            {
              "color": "#FAFAFA",
              "fontFamily": "Poppins-Regular",
              "fontSize": 31,
            },
          ]
        }
      >
        Get Started
      </Text>
    </View>
  </View>
</View>
`;
